{
  "metadata" :
  {
    "@generated" : true
  },
  "models" :
  [
    {
      "issues" :
      [
        {
          "always_features" :
          [
            "via-numerical-operator"
          ],
          "callee" : "LSink;.sink:(LData;)V",
          "position" :
          {
            "line" : 6,
            "path" : "Flow.java"
          },
          "rule" : 1,
          "sink_index" : "0",
          "sinks" :
          [
            {
              "kinds" :
              [
                {
                  "call_info" : "Origin",
                  "kind" : "TestSink",
                  "origins" :
                  [
                    "LSink;.sink:(LData;)V"
                  ]
                }
              ],
              "origin" :
              {
                "method" : "LSink;.sink:(LData;)V",
                "position" :
                {
                  "line" : 6,
                  "path" : "Flow.java"
                }
              }
            }
          ],
          "sources" :
          [
            {
              "kinds" :
              [
                {
                  "always_features" :
                  [
                    "via-numerical-operator"
                  ],
                  "call_info" : "Origin",
                  "kind" : "TestSource",
                  "local_features" :
                  {
                    "always_features" :
                    [
                      "via-numerical-operator"
                    ]
                  },
                  "local_positions" :
                  [
                    {
                      "line" : 2
                    },
                    {
                      "line" : 3
                    },
                    {
                      "line" : 4
                    }
                  ],
                  "origins" :
                  [
                    "LSource;.source:()LData;"
                  ]
                }
              ],
              "local_features" :
              {
                "always_features" :
                [
                  "via-numerical-operator"
                ]
              },
              "local_positions" :
              [
                {
                  "line" : 2
                },
                {
                  "line" : 3
                },
                {
                  "line" : 4
                }
              ],
              "origin" :
              {
                "method" : "LSource;.source:()LData;",
                "position" :
                {
                  "line" : 1,
                  "path" : "Flow.java"
                }
              }
            }
          ]
        }
      ],
      "method" : "LFlow;.flow:()V",
      "position" :
      {
        "line" : 0,
        "path" : "Flow.java"
      }
    }
  ]
}
