{
  "metadata" :
  {
    "@generated" : true
  },
  "models" :
  [
    {
      "issues" :
      [
        {
          "callee" : "LSink;.sink:(LData;)V",
          "position" :
          {
            "line" : 3,
            "path" : "Flow.java"
          },
          "rule" : 1,
          "sink_index" : "0",
          "sinks" :
          [
            {
              "kinds" :
              [
                {
                  "call_info" : "Origin",
                  "kind" : "TestSink",
                  "origins" :
                  [
                    "LSink;.sink:(LData;)V"
                  ]
                }
              ],
              "origin" :
              {
                "position" :
                {
                  "line" : 3,
                  "path" : "Flow.java"
                }
              }
            }
          ],
          "sources" :
          [
            {
              "kinds" :
              [
                {
                  "call_info" : "Origin",
                  "kind" : "TestSource",
                  "local_positions" :
                  [
                    {
                      "line" : 1
                    }
                  ],
                  "origins" :
                  [
                    "LSource;.source:()LData;"
                  ]
                }
              ],
              "origin" :
              {
                "position" :
                {
                  "line" : 1,
                  "path" : "Flow.java"
                }
              }
            }
          ]
        }
      ],
      "method" : "LFlow;.flow:(LData;)V",
      "position" :
      {
        "line" : 0,
        "path" : "Flow.java"
      },
      "sinks" :
      [
        {
          "port" : "Argument(1).field",
          "taint" :
          [
            {
              "kinds" :
              [
                {
                  "call_info" : "Origin",
                  "kind" : "TestSink",
                  "origins" :
                  [
                    "LSink;.sink:(LData;)V"
                  ]
                }
              ],
              "origin" :
              {
                "position" :
                {
                  "line" : 3,
                  "path" : "Flow.java"
                }
              }
            }
          ]
        }
      ]
    }
  ]
}
