{
  "metadata" :
  {
    "@generated" : true
  },
  "models" :
  [
    {
      "generations" :
      [
        {
          "port" : "Argument(0).field",
          "taint" :
          [
            {
              "kinds" :
              [
                {
                  "call_info" : "Origin",
                  "callee_interval" :
                  [
                    6,
                    7
                  ],
                  "kind" : "TestSource",
                  "origins" :
                  [
                    {
                      "method" : "LSource;.source:()LData;",
                      "port" : "Return"
                    }
                  ],
                  "preserves_type_context" : true
                }
              ],
              "local_positions" :
              [
                {
                  "line" : 2
                }
              ],
              "origin" :
              {
                "leaves" :
                [
                  {
                    "method" : "LSource;.source:()LData;",
                    "port" : "Return"
                  }
                ],
                "method" : "LSource;.source:()LData;",
                "position" :
                {
                  "line" : 1,
                  "path" : "Flow.java"
                }
              }
            }
          ]
        }
      ],
      "method" : "LFlow;.flow:(LData;)V",
      "position" :
      {
        "line" : 0,
        "path" : "Flow.java"
      }
    }
  ]
}
