{
  "metadata" :
  {
    "@generated" : true
  },
  "models" :
  [
    {
      "issues" :
      [
        {
          "callee" : "LSink;.sink:(LData;)V",
          "position" :
          {
            "line" : 5,
            "path" : "Flow.java"
          },
          "rule" : 1,
          "sink_index" : "0",
          "sinks" :
          [
            {
              "kinds" :
              [
                {
                  "call_info" : "Origin",
                  "callee_interval" :
                  [
                    6,
                    7
                  ],
                  "kind" : "TestSink",
                  "origins" :
                  [
                    "LSink;.sink:(LData;)V"
                  ],
                  "preserves_type_context" : true
                }
              ],
              "origin" :
              {
                "method" : "LSink;.sink:(LData;)V",
                "position" :
                {
                  "line" : 5,
                  "path" : "Flow.java"
                }
              }
            }
          ],
          "sources" :
          [
            {
              "kinds" :
              [
                {
                  "call_info" : "Origin",
                  "callee_interval" :
                  [
                    6,
                    7
                  ],
                  "kind" : "TestSource",
                  "origins" :
                  [
                    "LSource;.source:()LData;"
                  ],
                  "preserves_type_context" : true
                }
              ],
              "local_positions" :
              [
                {
                  "line" : 3
                }
              ],
              "origin" :
              {
                "method" : "LSource;.source:()LData;",
                "position" :
                {
                  "line" : 3,
                  "path" : "Flow.java"
                }
              }
            }
          ]
        }
      ],
      "method" : "LFlow;.flow:()V",
      "position" :
      {
        "line" : 0,
        "path" : "Flow.java"
      }
    }
  ]
}
