{
  "metadata" :
  {
    "@generated" : true
  },
  "models" :
  [
    {
      "issues" :
      [
        {
          "callee" : "LFlow;.into_sink:(LData;)V",
          "position" :
          {
            "line" : 3,
            "path" : "Flow.java"
          },
          "rule" : 1,
          "sink_index" : "0",
          "sinks" :
          [
            {
              "call" :
              {
                "port" : "Argument(1)",
                "position" :
                {
                  "line" : 3,
                  "path" : "Flow.java"
                },
                "resolves_to" : "LFlow;.into_sink:(LData;)V"
              },
              "kinds" :
              [
                {
                  "call_info" : "CallSite",
                  "distance" : 1,
                  "kind" : "TestSink",
                  "origins" :
                  [
                    "LSink;.sink:(LData;)V"
                  ]
                }
              ]
            }
          ],
          "sources" :
          [
            {
              "kinds" :
              [
                {
                  "call_info" : "Origin",
                  "kind" : "TestSource",
                  "origins" :
                  [
                    "LSource;.source:()LData;"
                  ]
                }
              ],
              "origin" :
              {
                "method" : "LSource;.source:()LData;",
                "position" :
                {
                  "line" : 1,
                  "path" : "Flow.java"
                }
              }
            }
          ]
        }
      ],
      "method" : "LFlow;.indirect:()V",
      "position" :
      {
        "line" : 0,
        "path" : "Flow.java"
      }
    },
    {
      "method" : "LFlow;.into_sink:(LData;)V",
      "position" :
      {
        "line" : 0,
        "path" : "Flow.java"
      },
      "sinks" :
      [
        {
          "port" : "Argument(1)",
          "taint" :
          [
            {
              "kinds" :
              [
                {
                  "call_info" : "Origin",
                  "kind" : "TestSink",
                  "origins" :
                  [
                    "LSink;.sink:(LData;)V"
                  ]
                }
              ],
              "origin" :
              {
                "method" : "LSink;.sink:(LData;)V",
                "position" :
                {
                  "line" : 1,
                  "path" : "Flow.java"
                }
              }
            }
          ]
        }
      ]
    },
    {
      "inline_as" : "Argument(1)",
      "method" : "LFlow;.propagation:(LData;)LData;",
      "position" :
      {
        "line" : 0,
        "path" : "Flow.java"
      },
      "propagation" :
      [
        {
          "input" : "Argument(1)",
          "output" :
          [
            {
              "kinds" :
              [
                {
                  "call_info" : "Propagation",
                  "kind" : "LocalReturn",
                  "output_paths" :
                  {
                    "" : 4
                  }
                }
              ]
            }
          ]
        }
      ]
    }
  ]
}
