{
  "metadata" :
  {
    "@generated" : true
  },
  "models" :
  [
    {
      "issues" :
      [
        {
          "callee" : "LFlow;.into_sink:(LData;LData;)V",
          "position" :
          {
            "line" : 2,
            "path" : "Flow.java"
          },
          "rule" : 1,
          "sink_index" : "0",
          "sinks" :
          [
            {
              "call" :
              {
                "port" : "Argument(2)",
                "position" :
                {
                  "line" : 2,
                  "path" : "Flow.java"
                },
                "resolves_to" : "LFlow;.into_sink:(LData;LData;)V"
              },
              "kinds" :
              [
                {
                  "call_info" : "CallSite",
                  "callee_interval" :
                  [
                    6,
                    7
                  ],
                  "distance" : 1,
                  "kind" : "TestSink",
                  "origins" :
                  [
                    "LSink;.sink:(LData;)V"
                  ],
                  "preserves_type_context" : false,
                  "taint_origins" :
                  [
                    {
                      "method" : "LSink;.sink:(LData;)V",
                      "port" : "Argument(1)"
                    }
                  ]
                }
              ]
            }
          ],
          "sources" :
          [
            {
              "kinds" :
              [
                {
                  "call_info" : "Origin",
                  "callee_interval" :
                  [
                    6,
                    7
                  ],
                  "kind" : "TestSource",
                  "origins" :
                  [
                    "LSource;.source:()LData;"
                  ],
                  "preserves_type_context" : true,
                  "taint_origins" :
                  [
                    {
                      "method" : "LSource;.source:()LData;",
                      "port" : "Return"
                    }
                  ]
                }
              ],
              "origin" :
              {
                "method" : "LSource;.source:()LData;",
                "position" :
                {
                  "line" : 1,
                  "path" : "Flow.java"
                }
              }
            }
          ]
        }
      ],
      "method" : "LFlow;.indirect:()V",
      "position" :
      {
        "line" : 0,
        "path" : "Flow.java"
      }
    },
    {
      "method" : "LFlow;.into_sink:(LData;LData;)V",
      "position" :
      {
        "line" : 0,
        "path" : "Flow.java"
      },
      "sinks" :
      [
        {
          "port" : "Argument(2)",
          "taint" :
          [
            {
              "kinds" :
              [
                {
                  "call_info" : "Origin",
                  "callee_interval" :
                  [
                    6,
                    7
                  ],
                  "kind" : "TestSink",
                  "origins" :
                  [
                    "LSink;.sink:(LData;)V"
                  ],
                  "preserves_type_context" : true,
                  "taint_origins" :
                  [
                    {
                      "method" : "LSink;.sink:(LData;)V",
                      "port" : "Argument(1)"
                    }
                  ]
                }
              ],
              "origin" :
              {
                "method" : "LSink;.sink:(LData;)V",
                "position" :
                {
                  "line" : 1,
                  "path" : "Flow.java"
                }
              }
            }
          ]
        }
      ]
    }
  ]
}
