{
  "metadata" :
  {
    "@generated" : true
  },
  "models" :
  [
    {
      "issues" :
      [
        {
          "callee" : "LSink;.sink:(LData;)V",
          "position" :
          {
            "line" : 2,
            "path" : "Flow.java"
          },
          "rule" : 1,
          "sink_index" : "0",
          "sinks" :
          [
            {
              "call" :
              {
                "port" : "Argument(1)",
                "position" :
                {
                  "line" : 2,
                  "path" : "Flow.java"
                },
                "resolves_to" : "LSink;.sink:(LData;)V"
              },
              "kinds" :
              [
                {
                  "call_info" : "Origin",
                  "kind" : "TestSink",
                  "origins" :
                  [
                    "LSink;.sink:(LData;)V"
                  ]
                }
              ]
            }
          ],
          "sources" :
          [
            {
              "call" :
              {
                "port" : "Return",
                "position" :
                {
                  "line" : 1,
                  "path" : "Flow.java"
                },
                "resolves_to" : "LImplementation;.source:()LData;"
              },
              "kinds" :
              [
                {
                  "call_info" : "CallSite",
                  "distance" : 1,
                  "kind" : "TestSource",
                  "origins" :
                  [
                    "LSource;.source:()LData;"
                  ]
                }
              ]
            }
          ]
        }
      ],
      "method" : "LFlow;.flow:()V",
      "position" :
      {
        "line" : 0,
        "path" : "Flow.java"
      }
    },
    {
      "generations" :
      [
        {
          "port" : "Return",
          "taint" :
          [
            {
              "call" :
              {
                "port" : "Return",
                "position" :
                {
                  "line" : 1,
                  "path" : "Implementation.java"
                },
                "resolves_to" : "LSource;.source:()LData;"
              },
              "kinds" :
              [
                {
                  "call_info" : "Origin",
                  "kind" : "TestSource",
                  "origins" :
                  [
                    "LSource;.source:()LData;"
                  ]
                }
              ]
            }
          ]
        }
      ],
      "method" : "LImplementation;.source:()LData;",
      "position" :
      {
        "line" : 0,
        "path" : "Implementation.java"
      }
    },
    {
      "method" : "LInterface;.source:()LData;",
      "modes" :
      [
        "add-via-obscure-feature",
        "skip-analysis"
      ],
      "position" :
      {
        "path" : "Interface.java"
      }
    }
  ]
}
