{
  "metadata" :
  {
    "@generated" : true
  },
  "models" :
  [
    {
      "method" : "LFlow;.indirect:()V",
      "position" :
      {
        "line" : 0,
        "path" : "Flow.java"
      }
    },
    {
      "method" : "LFlow;.into_sink:(LData;LData;)V",
      "position" :
      {
        "line" : 0,
        "path" : "Flow.java"
      },
      "sinks" :
      [
        {
          "port" : "Argument(2)",
          "taint" :
          [
            {
              "call_info" :
              {
                "call_kind" : "Origin",
                "port" : "Argument(1)",
                "position" :
                {
                  "line" : 1,
                  "path" : "Flow.java"
                },
                "resolves_to" : "LSink;.sink:(LData;)V"
              },
              "kinds" :
              [
                {
                  "call_kind" : "Origin",
                  "callee_interval" :
                  [
                    6,
                    7
                  ],
                  "kind" : "TestSink",
                  "origins" :
                  [
                    {
                      "method" : "LSink;.sink:(LData;)V",
                      "port" : "Argument(1)"
                    }
                  ],
                  "preserves_type_context" : true
                }
              ]
            }
          ]
        }
      ]
    }
  ]
}
