{
  "metadata" :
  {
    "@generated" : true
  },
  "models" :
  [
    {
      "generations" :
      [
        {
          "port" : "Return",
          "taint" :
          [
            {
              "call" :
              {
                "port" : "Return",
                "position" :
                {
                  "line" : 1,
                  "path" : "Flow.java"
                },
                "resolves_to" : "LSource;.source:()LData;"
              },
              "kinds" :
              [
                {
                  "call_info" : "Origin",
                  "kind" : "TestSource",
                  "origins" :
                  [
                    "LSource;.source:()LData;"
                  ]
                }
              ]
            }
          ]
        }
      ],
      "method" : "LFlow;.flow:()LData;",
      "position" :
      {
        "line" : 0,
        "path" : "Flow.java"
      }
    }
  ]
}
