{
  "metadata" :
  {
    "@generated" : true
  },
  "models" :
  [
    {
      "method" : "LFlow;.flow:(LData;LData;)V",
      "position" :
      {
        "line" : 0,
        "path" : "Flow.java"
      },
      "sinks" :
      [
        {
          "port" : "Argument(2)",
          "taint" :
          [
            {
              "kinds" :
              [
                {
                  "call_info" : "Origin",
                  "callee_interval" :
                  [
                    6,
                    7
                  ],
                  "kind" : "TestSink",
                  "origins" :
                  [
                    {
                      "method" : "LSink;.sink:(LData;)V",
                      "port" : "Argument(1)"
                    }
                  ],
                  "preserves_type_context" : true
                }
              ],
              "origin" :
              {
                "leaves" :
                [
                  {
                    "method" : "LSink;.sink:(LData;)V",
                    "port" : "Argument(1)"
                  }
                ],
                "method" : "LSink;.sink:(LData;)V",
                "position" :
                {
                  "line" : 1,
                  "path" : "Flow.java"
                }
              }
            }
          ]
        }
      ]
    }
  ]
}
