{
  "metadata" :
  {
    "@generated" : true
  },
  "models" :
  [
    {
      "method" : "LFlow;.different_lengths:(LData;)V",
      "position" :
      {
        "line" : 0,
        "path" : "Flow.java"
      },
      "sinks" :
      [
        {
          "port" : "Argument(1)",
          "taint" :
          [
            {
              "call" :
              {
                "port" : "Argument(1)",
                "position" :
                {
                  "line" : 1,
                  "path" : "Flow.java"
                },
                "resolves_to" : "LFlow;.into_into_sink:(LData;)V"
              },
              "kinds" :
              [
                {
                  "call_info" : "CallSite",
                  "callee_interval" :
                  [
                    6,
                    7
                  ],
                  "distance" : 2,
                  "kind" : "TestSink",
                  "origins" :
                  [
                    "LSink;.sink:(LData;)V"
                  ],
                  "preserves_type_context" : true,
                  "taint_origins" :
                  [
                    {
                      "method" : "LSink;.sink:(LData;)V",
                      "port" : "Argument(1)"
                    }
                  ]
                }
              ]
            },
            {
              "call" :
              {
                "port" : "Argument(1)",
                "position" :
                {
                  "line" : 1,
                  "path" : "Flow.java"
                },
                "resolves_to" : "LFlow;.into_sink:(LData;)V"
              },
              "kinds" :
              [
                {
                  "call_info" : "CallSite",
                  "callee_interval" :
                  [
                    6,
                    7
                  ],
                  "distance" : 1,
                  "kind" : "TestSink",
                  "origins" :
                  [
                    "LSink;.sink:(LData;)V"
                  ],
                  "preserves_type_context" : true,
                  "taint_origins" :
                  [
                    {
                      "method" : "LSink;.sink:(LData;)V",
                      "port" : "Argument(1)"
                    }
                  ]
                }
              ]
            }
          ]
        }
      ]
    },
    {
      "method" : "LFlow;.into_different_lengths:(LData;)V",
      "position" :
      {
        "line" : 0,
        "path" : "Flow.java"
      },
      "sinks" :
      [
        {
          "port" : "Argument(1)",
          "taint" :
          [
            {
              "call" :
              {
                "port" : "Argument(1)",
                "position" :
                {
                  "line" : 1,
                  "path" : "Flow.java"
                },
                "resolves_to" : "LFlow;.different_lengths:(LData;)V"
              },
              "kinds" :
              [
                {
                  "call_info" : "CallSite",
                  "callee_interval" :
                  [
                    6,
                    7
                  ],
                  "distance" : 2,
                  "kind" : "TestSink",
                  "origins" :
                  [
                    "LSink;.sink:(LData;)V"
                  ],
                  "preserves_type_context" : true,
                  "taint_origins" :
                  [
                    {
                      "method" : "LSink;.sink:(LData;)V",
                      "port" : "Argument(1)"
                    }
                  ]
                }
              ]
            }
          ]
        }
      ]
    },
    {
      "method" : "LFlow;.into_into_sink:(LData;)V",
      "position" :
      {
        "line" : 0,
        "path" : "Flow.java"
      },
      "sinks" :
      [
        {
          "port" : "Argument(1)",
          "taint" :
          [
            {
              "call" :
              {
                "port" : "Argument(1)",
                "position" :
                {
                  "line" : 1,
                  "path" : "Flow.java"
                },
                "resolves_to" : "LFlow;.into_sink:(LData;)V"
              },
              "kinds" :
              [
                {
                  "call_info" : "CallSite",
                  "callee_interval" :
                  [
                    6,
                    7
                  ],
                  "distance" : 1,
                  "kind" : "TestSink",
                  "origins" :
                  [
                    "LSink;.sink:(LData;)V"
                  ],
                  "preserves_type_context" : true,
                  "taint_origins" :
                  [
                    {
                      "method" : "LSink;.sink:(LData;)V",
                      "port" : "Argument(1)"
                    }
                  ]
                }
              ]
            }
          ]
        }
      ]
    },
    {
      "method" : "LFlow;.into_sink:(LData;)V",
      "position" :
      {
        "line" : 0,
        "path" : "Flow.java"
      },
      "sinks" :
      [
        {
          "port" : "Argument(1)",
          "taint" :
          [
            {
              "kinds" :
              [
                {
                  "call_info" : "Origin",
                  "callee_interval" :
                  [
                    6,
                    7
                  ],
                  "kind" : "TestSink",
                  "origins" :
                  [
                    "LSink;.sink:(LData;)V"
                  ],
                  "preserves_type_context" : true,
                  "taint_origins" :
                  [
                    {
                      "method" : "LSink;.sink:(LData;)V",
                      "port" : "Argument(1)"
                    }
                  ]
                }
              ],
              "origin" :
              {
                "method" : "LSink;.sink:(LData;)V",
                "position" :
                {
                  "line" : 1,
                  "path" : "Flow.java"
                }
              }
            }
          ]
        }
      ]
    }
  ]
}
